{
  "version": "1.5.0",
  "plugins_used": [
    {
      "name": "ArtifactoryDetector"
    },
    {
      "name": "AWSKeyDetector"
    },
    {
      "name": "AzureStorageKeyDetector"
    },
    {
      "name": "Base64HighEntropyString",
      "limit": 4.5
    },
    {
      "name": "BasicAuthDetector"
    },
    {
      "name": "CloudantDetector"
    },
    {
      "name": "DiscordBotTokenDetector"
    },
    {
      "name": "GitHubTokenDetector"
    },
    {
      "name": "GitLabTokenDetector"
    },
    {
      "name": "HexHighEntropyString",
      "limit": 3.0
    },
    {
      "name": "IbmCloudIamDetector"
    },
    {
      "name": "IbmCosHmacDetector"
    },
    {
      "name": "IPPublicDetector"
    },
    {
      "name": "JwtTokenDetector"
    },
    {
      "name": "KeywordDetector",
      "keyword_exclude": ""
    },
    {
      "name": "MailchimpDetector"
    },
    {
      "name": "NpmDetector"
    },
    {
      "name": "OpenAIDetector"
    },
    {
      "name": "PrivateKeyDetector"
    },
    {
      "name": "PypiTokenDetector"
    },
    {
      "name": "SendGridDetector"
    },
    {
      "name": "SlackDetector"
    },
    {
      "name": "SoftlayerDetector"
    },
    {
      "name": "SquareOAuthDetector"
    },
    {
      "name": "StripeDetector"
    },
    {
      "name": "TelegramBotTokenDetector"
    },
    {
      "name": "TwilioKeyDetector"
    }
  ],
  "filters_used": [
    {
      "path": "detect_secrets.filters.allowlist.is_line_allowlisted"
    },
    {
      "path": "detect_secrets.filters.common.is_baseline_file",
      "filename": ".secrets.baseline"
    },
    {
      "path": "detect_secrets.filters.common.is_ignored_due_to_verification_policies",
      "min_level": 2
    },
    {
      "path": "detect_secrets.filters.heuristic.is_indirect_reference"
    },
    {
      "path": "detect_secrets.filters.heuristic.is_likely_id_string"
    },
    {
      "path": "detect_secrets.filters.heuristic.is_lock_file"
    },
    {
      "path": "detect_secrets.filters.heuristic.is_not_alphanumeric_string"
    },
    {
      "path": "detect_secrets.filters.heuristic.is_potential_uuid"
    },
    {
      "path": "detect_secrets.filters.heuristic.is_prefixed_with_dollar_sign"
    },
    {
      "path": "detect_secrets.filters.heuristic.is_sequential_string"
    },
    {
      "path": "detect_secrets.filters.heuristic.is_swagger_file"
    },
    {
      "path": "detect_secrets.filters.heuristic.is_templated_secret"
    },
    {
      "path": "detect_secrets.filters.regex.should_exclude_file",
      "pattern": [
        "(^|/)(uv\\.lock|\\.git/|\\.venv/|\\.mypy_cache/|\\.pytest_cache/|\\.ruff_cache/|\\.uv-cache/|dist/|\\.claude/|\\.env(\\.(?!example$)[^/]*)?$)"
      ]
    }
  ],
  "results": {
    "docs/research.md": [
      {
        "type": "Secret Keyword",
        "filename": "docs/research.md",
        "hashed_secret": "ec62598226aebbe4076be6c64923dae38541a4da",
        "is_verified": false,
        "line_number": 54
      }
    ],
    "tests/integration/test_hosted_app.py": [
      {
        "type": "Secret Keyword",
        "filename": "tests/integration/test_hosted_app.py",
        "hashed_secret": "0b1df5db796a8fc4ea9859302bf1c9ff30ebe514",
        "is_verified": false,
        "line_number": 61
      },
      {
        "type": "Secret Keyword",
        "filename": "tests/integration/test_hosted_app.py",
        "hashed_secret": "7826ea4598f6572f052d5d1e399bc836e8bf8701",
        "is_verified": false,
        "line_number": 63
      },
      {
        "type": "Secret Keyword",
        "filename": "tests/integration/test_hosted_app.py",
        "hashed_secret": "bfaadf311d81fe0208da2d2430ba1fdbf3cf6de7",
        "is_verified": false,
        "line_number": 65
      },
      {
        "type": "Secret Keyword",
        "filename": "tests/integration/test_hosted_app.py",
        "hashed_secret": "90e34b7765a42ceb38e6ad7539f77bf00712bce8",
        "is_verified": false,
        "line_number": 67
      }
    ],
    "tests/unit/test_config.py": [
      {
        "type": "Secret Keyword",
        "filename": "tests/unit/test_config.py",
        "hashed_secret": "0a7dbd5d35d3d1a70642a5be22b8a2af15931760",
        "is_verified": false,
        "line_number": 40
      },
      {
        "type": "Secret Keyword",
        "filename": "tests/unit/test_config.py",
        "hashed_secret": "4f16be1f903a3e81c22ce3651b28d574ca0f0412",
        "is_verified": false,
        "line_number": 42
      },
      {
        "type": "Secret Keyword",
        "filename": "tests/unit/test_config.py",
        "hashed_secret": "f5378ce7cd012d12a9be51e6be241b1e66240879",
        "is_verified": false,
        "line_number": 58
      },
      {
        "type": "Secret Keyword",
        "filename": "tests/unit/test_config.py",
        "hashed_secret": "0b1df5db796a8fc4ea9859302bf1c9ff30ebe514",
        "is_verified": false,
        "line_number": 90
      },
      {
        "type": "Secret Keyword",
        "filename": "tests/unit/test_config.py",
        "hashed_secret": "7826ea4598f6572f052d5d1e399bc836e8bf8701",
        "is_verified": false,
        "line_number": 92
      },
      {
        "type": "Secret Keyword",
        "filename": "tests/unit/test_config.py",
        "hashed_secret": "bfaadf311d81fe0208da2d2430ba1fdbf3cf6de7",
        "is_verified": false,
        "line_number": 94
      },
      {
        "type": "Secret Keyword",
        "filename": "tests/unit/test_config.py",
        "hashed_secret": "90e34b7765a42ceb38e6ad7539f77bf00712bce8",
        "is_verified": false,
        "line_number": 96
      },
      {
        "type": "Secret Keyword",
        "filename": "tests/unit/test_config.py",
        "hashed_secret": "57efce748d118f5e168ead0b67a134a57c9ff6a8",
        "is_verified": false,
        "line_number": 129
      },
      {
        "type": "Secret Keyword",
        "filename": "tests/unit/test_config.py",
        "hashed_secret": "996f1df37a2f9e19f8b09df51df49c82d6314517",
        "is_verified": false,
        "line_number": 131
      }
    ],
    "tests/unit/test_hosted_credentials.py": [
      {
        "type": "Secret Keyword",
        "filename": "tests/unit/test_hosted_credentials.py",
        "hashed_secret": "0b1df5db796a8fc4ea9859302bf1c9ff30ebe514",
        "is_verified": false,
        "line_number": 20
      },
      {
        "type": "Secret Keyword",
        "filename": "tests/unit/test_hosted_credentials.py",
        "hashed_secret": "7826ea4598f6572f052d5d1e399bc836e8bf8701",
        "is_verified": false,
        "line_number": 22
      },
      {
        "type": "Secret Keyword",
        "filename": "tests/unit/test_hosted_credentials.py",
        "hashed_secret": "bfaadf311d81fe0208da2d2430ba1fdbf3cf6de7",
        "is_verified": false,
        "line_number": 24
      },
      {
        "type": "Secret Keyword",
        "filename": "tests/unit/test_hosted_credentials.py",
        "hashed_secret": "90e34b7765a42ceb38e6ad7539f77bf00712bce8",
        "is_verified": false,
        "line_number": 26
      }
    ],
    "tests/unit/test_oauth_provider.py": [
      {
        "type": "Secret Keyword",
        "filename": "tests/unit/test_oauth_provider.py",
        "hashed_secret": "0b1df5db796a8fc4ea9859302bf1c9ff30ebe514",
        "is_verified": false,
        "line_number": 35
      },
      {
        "type": "Secret Keyword",
        "filename": "tests/unit/test_oauth_provider.py",
        "hashed_secret": "7826ea4598f6572f052d5d1e399bc836e8bf8701",
        "is_verified": false,
        "line_number": 37
      },
      {
        "type": "Secret Keyword",
        "filename": "tests/unit/test_oauth_provider.py",
        "hashed_secret": "bfaadf311d81fe0208da2d2430ba1fdbf3cf6de7",
        "is_verified": false,
        "line_number": 39
      },
      {
        "type": "Secret Keyword",
        "filename": "tests/unit/test_oauth_provider.py",
        "hashed_secret": "90e34b7765a42ceb38e6ad7539f77bf00712bce8",
        "is_verified": false,
        "line_number": 41
      },
      {
        "type": "Secret Keyword",
        "filename": "tests/unit/test_oauth_provider.py",
        "hashed_secret": "6809ffccad03b80fa1fbc32c17e7e054805ec30b",
        "is_verified": false,
        "line_number": 220
      }
    ],
    "tests/unit/test_write_gate.py": [
      {
        "type": "Secret Keyword",
        "filename": "tests/unit/test_write_gate.py",
        "hashed_secret": "db1530e1ea43af094d3d75b8dbaf19a4a182a318",
        "is_verified": false,
        "line_number": 116
      }
    ]
  },
  "generated_at": "2026-09-25T01:37:23Z"
}
